---
source: dprint_plugin/tests/integration.rs
---
<template>
  <div>Test</div>
</template>

<I18N lang="json">
{
  "en": {
    "hello": "Hello",
    "goodbye": "Goodbye",
    "welcome": "Welcome to our application"
  },
  "de": {
    "hello": "Hallo",
    "goodbye": "Auf Wiedersehen",
    "welcome": "Willkommen in unserer Anwendung"
  }
}
</I18N>

<DOCS>
  <p>Some    documentation    with    extra    spaces</p>
</DOCS>
