---
source: dprint_plugin/tests/integration.rs
assertion_line: 123
---
<template>
  <div>Test whitespace-only content</div>
</template>

<!-- lang-attribute mode with whitespace-only (no lang, so preserved raw) -->
<i18n>


</i18n>

<!-- none mode with whitespace-only -->
<docs>


</docs>

<!-- squash mode with whitespace-only -->
<metadata></metadata>
