---
source: markup_fmt/tests/fmt.rs
assertion_line: 30
---
{#key bla}<p>loooooooooooooooooooooooooooooong</p><p>
    loooooooooooooooooooooooooooooong
  </p>{/key}

{#key bla}
  <p>loooooooooooooooooooooooooooooong</p>
  <p>loooooooooooooooooooooooooooooong</p>
{/key}

{#key bla}
  <span>loooooooooooooooooooooooooooooong</span>
  <span>loooooooooooooooooooooooooooooong</span>
{/key}

{#key bla}<p>loooooooooooooooooooooooooooooong</p><p>
    loooooooooooooooooooooooooooooong
  </p><p>loooooooooooooooooooooooooooooong</p><p>
    loooooooooooooooooooooooooooooong
  </p>{/key}
